// Jest Snapshot v1, https://goo.gl/fbAQLP

exports[`Header should render correctly 1`] = `
<DocumentFragment>
  <div
    class="py-4 px-12 shadow bg-white"
  >
    <div
      class="flex text-white font-semibold items-center text-neutral-900"
    >
      <div
        class="flex-[1] flex"
      >
        <div
          class="w-6 h-6 rounded-full overflow-hidden"
        >
          <span
            style="box-sizing: border-box; display: block; overflow: hidden; background: none; opacity: 1; border: 0px; margin: 0px; padding: 0px; position: relative;"
          >
            <span
              style="box-sizing: border-box; display: block; background: none; opacity: 1; border: 0px; margin: 0px; padding: 100% 0px 0px 0px;"
            />
            <img
              data-nimg="responsive"
              decoding="async"
              src="data:image/gif;base64,R0lGODlhAQABAIAAAAAAAP///yH5BAEAAAAALAAAAAABAAEAAAIBRAA7"
              style="position: absolute; top: 0px; left: 0px; bottom: 0px; right: 0px; box-sizing: border-box; padding: 0px; margin: auto; display: block; width: 0px; height: 0px; min-width: 100%; max-width: 100%; min-height: 100%; max-height: 100%; object-fit: contain;"
            />
            <noscript />
          </span>
        </div>
        <span
          class="ml-2 hidden md:block"
        >
          Belo Challenge
        </span>
      </div>
      <div
        class="flex-[4] flex gap-5"
      >
        <a
          href="/"
        >
          Home
        </a>
        <a
          href="/swap"
        >
          Swap
        </a>
        <a
          href="/transactions"
        >
          Transactions
        </a>
      </div>
    </div>
  </div>
</DocumentFragment>
`;
